[36mvite v5.4.21 [32mbuilding for production...[36m[39m
transforming...
[32mΓ£ô[39m 16 modules transformed.
node.exe : [31mx[39m Build 
failed in 946ms
At line:1 char:1
+ & "F:\/node.exe" "F:\/node_
modules/npm/bin/npx-cli.js" 
vite build
+ ~~~~~~~~~~~~~~~~~~~~~~~~~~~
~~~~~~~~~~~~~~~~~~~~~~~~~~~~~
~~~~~~~~~
    + CategoryInfo           
   : NotSpecified: ([31mx  
  [39m Build failed in 946   
 ms:String) [], RemoteExc    
eption
    + FullyQualifiedErrorId  
   : NativeCommandError
 
[31merror during build:
[31m[vite]: Rollup failed 
to resolve import 
"framer-motion" from "C:/User
s/ABRAHAM/OneDrive_old/Deskto
p/PROJECTS/PORTFOLIO-/src/com
ponents/About.jsx".
This is most likely 
unintended because it can 
break your application at 
runtime.
If you do want to 
externalize this module 
explicitly add it to
`build.rollupOptions.external
`[31m
    at viteWarn (file:///C:/U
sers/ABRAHAM/OneDrive_old/Des
ktop/PROJECTS/PORTFOLIO-/node
_modules/vite/dist/node/chunk
s/dep-BK3b2jBa.js:65855:17)
    at onwarn (file:///C:/Use
rs/ABRAHAM/OneDrive_old/Deskt
op/PROJECTS/PORTFOLIO-/node_m
odules/@vitejs/plugin-react/d
ist/index.js:90:7)
    at onRollupWarning (file:
///C:/Users/ABRAHAM/OneDrive_
old/Desktop/PROJECTS/PORTFOLI
O-/node_modules/vite/dist/nod
e/chunks/dep-BK3b2jBa.js:6588
5:5)
    at onwarn (file:///C:/Use
rs/ABRAHAM/OneDrive_old/Deskt
op/PROJECTS/PORTFOLIO-/node_m
odules/vite/dist/node/chunks/
dep-BK3b2jBa.js:65550:7)
    at file:///C:/Users/ABRAH
AM/OneDrive_old/Desktop/PROJE
CTS/PORTFOLIO-/node_modules/r
ollup/dist/es/shared/node-ent
ry.js:20995:13
    at Object.logger [as 
onLog] (file:///C:/Users/ABRA
HAM/OneDrive_old/Desktop/PROJ
ECTS/PORTFOLIO-/node_modules/
rollup/dist/es/shared/node-en
try.js:22968:9)
    at ModuleLoader.handleInv
alidResolvedId (file:///C:/Us
ers/ABRAHAM/OneDrive_old/Desk
top/PROJECTS/PORTFOLIO-/node_
modules/rollup/dist/es/shared
/node-entry.js:21712:26)
    at file:///C:/Users/ABRAH
AM/OneDrive_old/Desktop/PROJE
CTS/PORTFOLIO-/node_modules/r
ollup/dist/es/shared/node-ent
ry.js:21670:26[39m
